1.00000000e+00      7.89015818e-13      -1.08036611e-01     
3.16227766e+00      7.89035442e-11      -3.41541792e-01     
1.00000000e+01      7.89231718e-09      -1.08013869e+00     
3.16227766e+01      7.91197838e-07      -3.41953712e+00     
1.00000000e+02      8.11198264e-05      -1.09370967e+01     
3.16227766e+02      1.04784417e-02      -3.91586303e+01     
1.00000000e+03      1.07913387e+00      1.20030096e+02      
3.16227766e+03      6.37964971e-01      -1.75748005e+02     
1.00000000e+04      3.89174126e-03      2.97834864e+01      
3.16227766e+04      3.30645814e-05      8.72102867e+00      
1.00000000e+05      3.25398682e-07      2.73786846e+00      
3.16227766e+05      3.24879695e-09      8.65164831e-01      
1.00000000e+06      3.24827854e-11      2.73569390e-01      
3.16227766e+06      3.24822670e-13      8.65096126e-02      
1.00000000e+07      3.24822152e-15      2.73567218e-02      
