1.00000000e+00      1.00000000e-02      -0.00000000e+00     
1.00000000e+01      1.00000000e-02      -0.00000000e+00     
1.00000000e+02      1.00000000e-02      -0.00000000e+00     
1.00000000e+03      1.00000000e-02      -0.00000000e+00     
1.00000000e+04      1.00000000e-02      -0.00000000e+00     
1.00000000e+05      1.00000000e-02      -0.00000000e+00     
1.00000000e+06      1.00000000e-02      -0.00000000e+00     
1.00000000e+07      1.00000000e-02      -0.00000000e+00     
1.00000000e+08      1.00000000e-02      -0.00000000e+00     
