1.00000000e+02      9.99980261e+01      1.79640005e+02      
1.00000000e+03      9.98031905e+01      1.76404726e+02      
1.00000000e+04      8.46733016e+01      1.47858092e+02      
1.00000000e+05      1.57176725e+01      9.90430611e+01      
1.00000000e+06      1.59134790e+00      9.09118137e+01      
1.00000000e+07      1.59154742e-01      9.00911890e+01      
1.00000000e+08      1.59154941e-02      9.00091189e+01      
1.00000000e+09      1.59154943e-03      9.00009119e+01      
