1.00000000e+02      6.28318531e-06      8.99996400e+01      
1.00000000e+03      6.28318529e-05      8.99964000e+01      
1.00000000e+04      6.28318407e-04      8.99640000e+01      
1.00000000e+05      6.28306129e-03      8.96400047e+01      
1.00000000e+06      6.27081940e-02      8.64047262e+01      
1.00000000e+07      5.32018045e-01      5.78580924e+01      
1.00000000e+08      9.87570492e-01      9.04306108e+00      
1.00000000e+09      9.99873373e-01      9.11813670e-01      
