1.00000000e+02      4.97509958e+01      1.79819105e+02      
1.00000000e+03      4.97264661e+01      1.78191645e+02      
1.00000000e+04      4.74428394e+01      1.62477934e+02      
1.00000000e+05      1.50223943e+01      1.07574770e+02      
1.00000000e+06      1.57500169e+00      9.18141462e+01      
1.00000000e+07      1.57578361e-01      9.01814747e+01      
1.00000000e+08      1.57579144e-02      9.00181475e+01      
1.00000000e+09      1.57579151e-03      9.00018148e+01      
