1.00000000e+02      3.94784176e-16      1.79999640e+02      
1.00000000e+03      3.94784175e-14      1.79996400e+02      
1.00000000e+04      3.94784098e-12      1.79964000e+02      
1.00000000e+05      3.94776384e-10      1.79640005e+02      
1.00000000e+06      3.94007219e-08      1.76404726e+02      
1.00000000e+07      3.34277742e-06      1.47857990e+02      
1.00000000e+08      6.20514891e-05      9.90395500e+01      
1.00000000e+09      6.28245125e-04      9.08758224e+01      
1.00000000e+10      6.28311616e-03      8.97311910e+01      
1.00000000e+11      6.27088178e-02      8.64138094e+01      
