1.00000000e+02      6.28318531e-10      8.99996400e+01      
1.00000000e+03      6.28318529e-09      8.99964000e+01      
1.00000000e+04      6.28318407e-08      8.99640000e+01      
1.00000000e+05      6.28306129e-07      8.96400047e+01      
1.00000000e+06      6.27081965e-06      8.64047261e+01      
1.00000000e+07      5.32019550e-05      5.78579905e+01      
1.00000000e+08      9.87580122e-05      9.03954998e+00      
1.00000000e+09      9.99883172e-05      8.75822431e-01      
1.00000000e+10      9.99988994e-05      -2.68808962e-01     
1.00000000e+11      9.98041833e-05      -3.58619064e+00     
