1.00000000e+02      3.00000000e+02      1.79999550e+02      
1.00000000e+03      2.99999999e+02      1.79995499e+02      
1.00000000e+04      2.99999907e+02      1.79954994e+02      
1.00000000e+05      2.99990748e+02      1.79549949e+02      
1.00000000e+06      2.99078983e+02      1.75508619e+02      
1.00000000e+07      2.35931731e+02      1.41847974e+02      
1.00000000e+08      3.78913067e+01      9.71960829e+01      
1.00000000e+09      3.81961847e+00      9.01294950e+01      
