1.00000000e+00      9.99500998e-01      -0.00000000e+00     
3.16227766e+00      9.99500998e-01      -0.00000000e+00     
1.00000000e+01      9.99500998e-01      -0.00000000e+00     
3.16227766e+01      9.99500998e-01      -0.00000000e+00     
1.00000000e+02      9.99500998e-01      -0.00000000e+00     
3.16227766e+02      9.99500998e-01      -0.00000000e+00     
1.00000000e+03      9.99500998e-01      -0.00000000e+00     
3.16227766e+03      9.99500998e-01      -0.00000000e+00     
1.00000000e+04      9.99500998e-01      -0.00000000e+00     
3.16227766e+04      9.99500998e-01      -0.00000000e+00     
1.00000000e+05      9.99500998e-01      -0.00000000e+00     
3.16227766e+05      9.99500998e-01      -0.00000000e+00     
1.00000000e+06      9.99500998e-01      -0.00000000e+00     
3.16227766e+06      9.99500998e-01      -0.00000000e+00     
1.00000000e+07      9.99500998e-01      -0.00000000e+00     
